// Jest Snapshot v1, https://goo.gl/fbAQLP

exports[`NavBar test renders correctly 1`] = `
<div>
  <nav
    class="navbar"
  >
    <a
      aria-current="page"
      class="navbar-logo active"
      href="/"
    >
      Travel in Tents
      <i
        class="fas fa-campground"
      />
    </a>
    <div
      class="menu-icon"
    >
      <i
        class="fas fa-bars"
      />
    </div>
    <ul
      class="nav-menu"
    >
      <li
        class="nav-item"
      >
        <a
          aria-current="page"
          class="nav-links active"
          href="/"
        >
          Home
        </a>
      </li>
      <li
        class="nav-item"
      >
        <a
          class="nav-links"
          href="/products"
        >
          Products
        </a>
      </li>
      <li
        class="nav-item"
      >
        <a
          class="nav-links"
          href="/campgrounds"
        >
          Campgrounds
        </a>
      </li>
      <li
        class="nav-item"
      >
        <a
          class="nav-links"
          href="/login"
        >
          Login
        </a>
      </li>
    </ul>
  </nav>
</div>
`;
