// Jest Snapshot v1, https://goo.gl/fbAQLP

exports[`CampList tests renders correctly 1`] = `
<div>
  <li
    class="container"
  >
    <article
      class="article"
    >
      <div
        class="wrapper"
      >
        <img
          alt="MYRTLE BEACH STATE PARK"
          height="300"
          src="https://media-cdn.tripadvisor.com/media/photo-s/12/2b/54/d1/myrtle-beach-travel-park.jpg"
          width="430"
        />
        <h2
          class="title"
        >
          MYRTLE BEACH STATE PARK
        </h2>
        <a
          class="button"
          href="/campdetails"
        >
           
          <b>
            More Details 
          </b>
           
        </a>
        <br />
        <br />
        <br />
      </div>
    </article>
  </li>
</div>
`;
