// Jest Snapshot v1, https://goo.gl/fbAQLP

exports[`ProductShipping tests renders correctly 1`] = `
<div>
  <div
    class="row"
  >
    <div
      class="column1"
    >
      <h2>
         Shipping Address 
      </h2>
      <br />
      <form
        class="createquestionform"
      >
        <p>
          * First Name:
        </p>
        <input
          class="input"
          id="firstname"
          placeholder="Enter First Name"
          required=""
          type="text"
          value=""
        />
        <p>
          * Last Name:
        </p>
        <input
          class="input"
          id="lastname"
          placeholder="Enter Last Name"
          required=""
          type="text"
          value=""
        />
        <p>
          * Street Address:
        </p>
        <input
          class="input"
          id="address"
          placeholder="Enter Street Address"
          required=""
          type="text"
          value=""
        />
        <p>
          * City:
        </p>
        <input
          class="input"
          id="city"
          placeholder="Enter City"
          required=""
          type="text"
          value=""
        />
        <p>
          * State:
        </p>
        <input
          class="input"
          id="state"
          placeholder="Enter State"
          required=""
          type="text"
          value=""
        />
        <p>
          * Zip Code:
        </p>
        <input
          class="input"
          id="zipcode"
          placeholder="Enter Zip Code"
          required=""
          type="number"
          value=""
        />
        <p>
          * Country:
        </p>
        <input
          class="input"
          id="country"
          placeholder="Enter Country"
          required=""
          type="text"
          value=""
        />
      </form>
    </div>
    <div
      class="column2"
    >
      <h2>
         Credit Card 
      </h2>
      <br />
      <form
        class="createquestionform"
      >
        <p>
          * Name on Card:
        </p>
        <input
          class="input1"
          id="cardname"
          placeholder="Enter Name on Card"
          required=""
          type="text"
          value=""
        />
        <p>
          * Card Number:
        </p>
        <input
          class="input1"
          id="cardnumber"
          placeholder="Enter Card Number"
          required=""
          type="number"
          value=""
        />
        <p>
          * CVV:
        </p>
        <input
          class="input1"
          id="cvv"
          placeholder="Enter CVV"
          required=""
          type="number"
          value=""
        />
        <p>
          Expiration Date:
        </p>
        <div>
          <span>
            Month: 
          </span>
          <select
            id="months"
            name="months"
          >
            <option
              value="MM"
            >
              MM
            </option>
            <option
              value="January"
            >
              January
            </option>
            <option
              value="February"
            >
              February
            </option>
            <option
              value="March"
            >
              March
            </option>
            <option
              value="April"
            >
              April
            </option>
            <option
              value="May"
            >
              May
            </option>
            <option
              value="June"
            >
              June
            </option>
            <option
              value="July"
            >
              July
            </option>
            <option
              value="August"
            >
              August
            </option>
            <option
              value="September"
            >
              September
            </option>
            <option
              value="October"
            >
              October
            </option>
            <option
              value="November"
            >
              November
            </option>
            <option
              value="December"
            >
              December
            </option>
          </select>
          <span>
             Year: 
          </span>
          <select
            id="year"
            name="year"
          >
            <option
              value="YYYY"
            >
              YYYY
            </option>
            <option
              value="2021"
            >
              2021
            </option>
            <option
              value="2020"
            >
              2020
            </option>
            <option
              value="2019"
            >
              2019
            </option>
            <option
              value="2018"
            >
              2018
            </option>
            <option
              value="2017"
            >
              2017
            </option>
            <option
              value="2016"
            >
              2016
            </option>
            <option
              value="2015"
            >
              2015
            </option>
            <option
              value="2014"
            >
              2014
            </option>
            <option
              value="2013"
            >
              2013
            </option>
            <option
              value="2012"
            >
              2012
            </option>
            <option
              value="2011"
            >
              2011
            </option>
            <option
              value="2010"
            >
              2010
            </option>
            <option
              value="2009"
            >
              2009
            </option>
            <option
              value="2008"
            >
              2008
            </option>
            <option
              value="2007"
            >
              2007
            </option>
            <option
              value="2006"
            >
              2006
            </option>
            <option
              value="2005"
            >
              2005
            </option>
            <option
              value="2004"
            >
              2004
            </option>
            <option
              value="2003"
            >
              2003
            </option>
            <option
              value="2002"
            >
              2002
            </option>
            <option
              value="2001"
            >
              2001
            </option>
            <option
              value="2000"
            >
              2000
            </option>
            <option
              value="1999"
            >
              1999
            </option>
            <option
              value="1998"
            >
              1998
            </option>
            <option
              value="1997"
            >
              1997
            </option>
            <option
              value="1996"
            >
              1996
            </option>
            <option
              value="1995"
            >
              1995
            </option>
            <option
              value="1994"
            >
              1994
            </option>
            <option
              value="1993"
            >
              1993
            </option>
            <option
              value="1992"
            >
              1992
            </option>
            <option
              value="1991"
            >
              1991
            </option>
            <option
              value="1990"
            >
              1990
            </option>
          </select>
        </div>
        <br />
        <a
          class="btn"
          href="/shipping"
        >
           
          <b>
            Confirm 
          </b>
           
        </a>
      </form>
    </div>
  </div>
</div>
`;
